// Jest Snapshot v1, https://goo.gl/fbAQLP

exports[`UsersList renders a snapshot properly 1`] = `
<div>
  <h4
    className="box title is-4"
  >
    abelthf@gmail.com
  </h4>
  <h4
    className="box title is-4"
  >
    abel.huanca@upeu.edu.pe
  </h4>
</div>
`;
